// Jest Snapshot v1, https://goo.gl/fbAQLP

exports[`should render Reset correctly 1`] = `
ShallowWrapper {
  "length": 1,
  Symbol(enzyme.__root__): [Circular],
  Symbol(enzyme.__unrendered__): <Reset
    reset={[Function]}
/>,
  Symbol(enzyme.__renderer__): Object {
    "batchedUpdates": [Function],
    "getNode": [Function],
    "render": [Function],
    "simulateEvent": [Function],
    "unmount": [Function],
  },
  Symbol(enzyme.__node__): Object {
    "instance": null,
    "key": null,
    "nodeType": "host",
    "props": Object {
      "children": <button
        className="button"
        disabled={true}
        onClick={[Function]}
>
        Reiniciar
</button>,
    },
    "ref": null,
    "rendered": Object {
      "instance": null,
      "key": null,
      "nodeType": "host",
      "props": Object {
        "children": "Reiniciar",
        "className": "button",
        "disabled": true,
        "onClick": [Function],
      },
      "ref": null,
      "rendered": "Reiniciar",
      "type": "button",
    },
    "type": "div",
  },
  Symbol(enzyme.__nodes__): Array [
    Object {
      "instance": null,
      "key": null,
      "nodeType": "host",
      "props": Object {
        "children": <button
          className="button"
          disabled={true}
          onClick={[Function]}
>
          Reiniciar
</button>,
      },
      "ref": null,
      "rendered": Object {
        "instance": null,
        "key": null,
        "nodeType": "host",
        "props": Object {
          "children": "Reiniciar",
          "className": "button",
          "disabled": true,
          "onClick": [Function],
        },
        "ref": null,
        "rendered": "Reiniciar",
        "type": "button",
      },
      "type": "div",
    },
  ],
  Symbol(enzyme.__options__): Object {
    "adapter": ReactSixteenAdapter {
      "options": Object {
        "enableComponentDidUpdateOnSetState": true,
      },
    },
  },
}
`;
